
> vite_react_shadcn_ts@0.0.0 build
> vite build

[36mvite v7.2.7 [32mbuilding client environment for production...[36m[39m
transforming...
node.exe : Browserslist: browsers data 
(caniuse-lite) is 6 months old. Please run:
No linha:1 caractere:1
+ & "C:\Program Files\nodejs/node.exe" 
"C:\Program Files\nodejs/node_mo ...
+ ~~~~~~~~~~~~~~~~~~~~~~~~~~~~~~~~~~~~~~~~~~~~~
~~~~~~~~~~~~~~~~~~~~~~~~
    + CategoryInfo          : NotSpecified: (B 
   rowserslist: b...ld. Please run::String) [  
  ], RemoteException
    + FullyQualifiedErrorId : NativeCommandErr 
   or
 
  npx update-browserslist-db@latest
  Why you should do it regularly: https://githu
b.com/browserslist/update-db#readme
[32mÔ£ô[39m 70 modules transformed.
[31mÔ£ù[39m Build failed in 1.64s
[31merror during build:
[31m[vite:esbuild] Transform failed with 1 
error:
C:/Users/Zebolinha/Downloads/Project_Ausencias/
src/components/leaves/LeaveForm.jsx:31:11: 
ERROR: Expected ")" but found "."[31m
file: [36mC:/Users/Zebolinha/Downloads/Project
_Ausencias/src/components/leaves/LeaveForm.jsx:
31:11[31m
[33m
[33mExpected ")" but found "."[33m
29 |      message: 'Data de fim deve ser igual 
ou posterior ├á data de in├¡cio',
30 |      path: ['endDate'],
31 |      if(data.type === 'FERIAS') {
   |             ^
32 |          return 
!!data.acquisitivePeriodStart && 
!!data.acquisitivePeriodEnd;
33 |      }
[31m
    at failureErrorWithLog (C:\Users\Zebolinha\
Downloads\Project_Ausencias\node_modules\esbuil
d\lib\main.js:1467:15)
    at C:\Users\Zebolinha\Downloads\Project_Aus
encias\node_modules\esbuild\lib\main.js:736:50
    at responseCallbacks.<computed> (C:\Users\Z
ebolinha\Downloads\Project_Ausencias\node_modul
es\esbuild\lib\main.js:603:9)
    at handleIncomingPacket (C:\Users\Zebolinha
\Downloads\Project_Ausencias\node_modules\esbui
ld\lib\main.js:658:12)
    at Socket.readFromStdout (C:\Users\Zebolinh
a\Downloads\Project_Ausencias\node_modules\esbu
ild\lib\main.js:581:7)
    at Socket.emit (node:events:508:28)
    at addChunk 
(node:internal/streams/readable:559:12)
    at readableAddChunkPushByteMode 
(node:internal/streams/readable:510:3)
    at Readable.push 
(node:internal/streams/readable:390:5)
    at Pipe.onStreamRead 
(node:internal/stream_base_commons:189:23)[39m
